// Jest Snapshot v1, https://goo.gl/fbAQLP

exports[`SignUpForm should match the snapshot 1`] = `
<DocumentFragment>
  <form
    class="w-full"
  >
    <div
      class="space-y-2"
    >
      <div
        class="grid gap-2"
        data-slot="form-item"
      >
        <label
          class="flex items-center gap-2 text-sm leading-none font-medium select-none group-data-[disabled=true]:pointer-events-none group-data-[disabled=true]:opacity-50 peer-disabled:cursor-not-allowed peer-disabled:opacity-50 data-[error=true]:text-destructive-foreground"
          data-error="false"
          data-slot="form-label"
          for=":r6:-form-item"
        >
          Email
        </label>
        <input
          aria-describedby=":r6:-form-item-description"
          aria-invalid="false"
          class="border-input file:text-foreground placeholder:text-muted-foreground selection:bg-primary selection:text-primary-foreground flex h-9 w-full min-w-0 rounded-md border bg-transparent px-3 py-1 text-base shadow-xs transition-[color,box-shadow] outline-none file:inline-flex file:h-7 file:border-0 file:bg-transparent file:text-sm file:font-medium disabled:pointer-events-none disabled:cursor-not-allowed disabled:opacity-50 md:text-sm focus-visible:border-ring focus-visible:ring-ring/50 focus-visible:ring-[3px] aria-invalid:ring-destructive/20 dark:aria-invalid:ring-destructive/40 aria-invalid:border-destructive"
          data-slot="form-control"
          id=":r6:-form-item"
          name="email"
          placeholder="mail@example.com"
          value=""
        />
      </div>
      <div
        class="grid gap-2"
        data-slot="form-item"
      >
        <label
          class="flex items-center gap-2 text-sm leading-none font-medium select-none group-data-[disabled=true]:pointer-events-none group-data-[disabled=true]:opacity-50 peer-disabled:cursor-not-allowed peer-disabled:opacity-50 data-[error=true]:text-destructive-foreground"
          data-error="false"
          data-slot="form-label"
          for=":r7:-form-item"
        >
          Password
        </label>
        <input
          aria-describedby=":r7:-form-item-description"
          aria-invalid="false"
          class="border-input file:text-foreground placeholder:text-muted-foreground selection:bg-primary selection:text-primary-foreground flex h-9 w-full min-w-0 rounded-md border bg-transparent px-3 py-1 text-base shadow-xs transition-[color,box-shadow] outline-none file:inline-flex file:h-7 file:border-0 file:bg-transparent file:text-sm file:font-medium disabled:pointer-events-none disabled:cursor-not-allowed disabled:opacity-50 md:text-sm focus-visible:border-ring focus-visible:ring-ring/50 focus-visible:ring-[3px] aria-invalid:ring-destructive/20 dark:aria-invalid:ring-destructive/40 aria-invalid:border-destructive"
          data-slot="form-control"
          id=":r7:-form-item"
          name="password"
          placeholder="Enter your password"
          type="password"
          value=""
        />
      </div>
    </div>
    <button
      class="inline-flex items-center justify-center gap-2 whitespace-nowrap rounded-md text-sm font-medium transition-[color,box-shadow] disabled:pointer-events-none disabled:opacity-50 [&_svg]:pointer-events-none [&_svg:not([class*='size-'])]:size-4 shrink-0 [&_svg]:shrink-0 outline-none focus-visible:border-ring focus-visible:ring-ring/50 focus-visible:ring-[3px] aria-invalid:ring-destructive/20 dark:aria-invalid:ring-destructive/40 aria-invalid:border-destructive bg-primary text-primary-foreground shadow-xs hover:bg-primary/90 h-9 px-4 py-2 has-[>svg]:px-3 w-full mt-6"
      data-slot="button"
      type="submit"
    >
      Sign up 
    </button>
  </form>
  <div
    class="mx-auto my-4 flex w-full items-center justify-evenly before:mr-4 before:block before:h-px before:flex-grow before:bg-stone-400 after:ml-4 after:block after:h-px after:flex-grow after:bg-stone-400"
  >
    or
  </div>
  <p
    class="text-center text-sm text-gray-600 mt-2"
  >
    If you don't have an account, pleaseÂ 
    <a
      class="text-blue-500 hover:underline"
      href="/sign-in"
    >
      Sign in
    </a>
  </p>
</DocumentFragment>
`;
